// Jest Snapshot v1, https://goo.gl/fbAQLP

exports[`Login container should match the snapshot 1`] = `
ShallowWrapper {
  Symbol(enzyme.__root__): [Circular],
  Symbol(enzyme.__unrendered__): <Login />,
  Symbol(enzyme.__renderer__): Object {
    "batchedUpdates": [Function],
    "getNode": [Function],
    "render": [Function],
    "simulateError": [Function],
    "simulateEvent": [Function],
    "unmount": [Function],
  },
  Symbol(enzyme.__node__): Object {
    "instance": null,
    "key": undefined,
    "nodeType": "host",
    "props": Object {
      "children": Array [
        <form
          onSubmit={[Function]}
        >
          <h1>
            LOGIN
          </h1>
          
          <input
            id="email-input"
            name="email"
            onChange={[Function]}
            placeholder="E-mail"
            type="email"
            value=""
          />
          <input
            id="password-input"
            name="password"
            onChange={[Function]}
            placeholder="password"
            type="password"
            value=""
          />
          <button>
            Submit
          </button>
        </form>,
        <p
          className="create-account"
          onClick={[Function]}
        >
          Click here to create an account
        </p>,
        <p>
          
        </p>,
        undefined,
      ],
      "className": "form-container",
    },
    "ref": null,
    "rendered": Array [
      Object {
        "instance": null,
        "key": undefined,
        "nodeType": "host",
        "props": Object {
          "children": Array [
            <h1>
              LOGIN
            </h1>,
            "",
            <input
              id="email-input"
              name="email"
              onChange={[Function]}
              placeholder="E-mail"
              type="email"
              value=""
            />,
            <input
              id="password-input"
              name="password"
              onChange={[Function]}
              placeholder="password"
              type="password"
              value=""
            />,
            <button>
              Submit
            </button>,
          ],
          "onSubmit": [Function],
        },
        "ref": null,
        "rendered": Array [
          Object {
            "instance": null,
            "key": undefined,
            "nodeType": "host",
            "props": Object {
              "children": "LOGIN",
            },
            "ref": null,
            "rendered": "LOGIN",
            "type": "h1",
          },
          "",
          Object {
            "instance": null,
            "key": undefined,
            "nodeType": "host",
            "props": Object {
              "id": "email-input",
              "name": "email",
              "onChange": [Function],
              "placeholder": "E-mail",
              "type": "email",
              "value": "",
            },
            "ref": Object {
              "current": null,
            },
            "rendered": null,
            "type": "input",
          },
          Object {
            "instance": null,
            "key": undefined,
            "nodeType": "host",
            "props": Object {
              "id": "password-input",
              "name": "password",
              "onChange": [Function],
              "placeholder": "password",
              "type": "password",
              "value": "",
            },
            "ref": null,
            "rendered": null,
            "type": "input",
          },
          Object {
            "instance": null,
            "key": undefined,
            "nodeType": "host",
            "props": Object {
              "children": "Submit",
            },
            "ref": null,
            "rendered": "Submit",
            "type": "button",
          },
        ],
        "type": "form",
      },
      Object {
        "instance": null,
        "key": undefined,
        "nodeType": "host",
        "props": Object {
          "children": "Click here to create an account",
          "className": "create-account",
          "onClick": [Function],
        },
        "ref": null,
        "rendered": "Click here to create an account",
        "type": "p",
      },
      Object {
        "instance": null,
        "key": undefined,
        "nodeType": "host",
        "props": Object {
          "children": "",
        },
        "ref": null,
        "rendered": "",
        "type": "p",
      },
      undefined,
    ],
    "type": "div",
  },
  Symbol(enzyme.__nodes__): Array [
    Object {
      "instance": null,
      "key": undefined,
      "nodeType": "host",
      "props": Object {
        "children": Array [
          <form
            onSubmit={[Function]}
          >
            <h1>
              LOGIN
            </h1>
            
            <input
              id="email-input"
              name="email"
              onChange={[Function]}
              placeholder="E-mail"
              type="email"
              value=""
            />
            <input
              id="password-input"
              name="password"
              onChange={[Function]}
              placeholder="password"
              type="password"
              value=""
            />
            <button>
              Submit
            </button>
          </form>,
          <p
            className="create-account"
            onClick={[Function]}
          >
            Click here to create an account
          </p>,
          <p>
            
          </p>,
          undefined,
        ],
        "className": "form-container",
      },
      "ref": null,
      "rendered": Array [
        Object {
          "instance": null,
          "key": undefined,
          "nodeType": "host",
          "props": Object {
            "children": Array [
              <h1>
                LOGIN
              </h1>,
              "",
              <input
                id="email-input"
                name="email"
                onChange={[Function]}
                placeholder="E-mail"
                type="email"
                value=""
              />,
              <input
                id="password-input"
                name="password"
                onChange={[Function]}
                placeholder="password"
                type="password"
                value=""
              />,
              <button>
                Submit
              </button>,
            ],
            "onSubmit": [Function],
          },
          "ref": null,
          "rendered": Array [
            Object {
              "instance": null,
              "key": undefined,
              "nodeType": "host",
              "props": Object {
                "children": "LOGIN",
              },
              "ref": null,
              "rendered": "LOGIN",
              "type": "h1",
            },
            "",
            Object {
              "instance": null,
              "key": undefined,
              "nodeType": "host",
              "props": Object {
                "id": "email-input",
                "name": "email",
                "onChange": [Function],
                "placeholder": "E-mail",
                "type": "email",
                "value": "",
              },
              "ref": Object {
                "current": null,
              },
              "rendered": null,
              "type": "input",
            },
            Object {
              "instance": null,
              "key": undefined,
              "nodeType": "host",
              "props": Object {
                "id": "password-input",
                "name": "password",
                "onChange": [Function],
                "placeholder": "password",
                "type": "password",
                "value": "",
              },
              "ref": null,
              "rendered": null,
              "type": "input",
            },
            Object {
              "instance": null,
              "key": undefined,
              "nodeType": "host",
              "props": Object {
                "children": "Submit",
              },
              "ref": null,
              "rendered": "Submit",
              "type": "button",
            },
          ],
          "type": "form",
        },
        Object {
          "instance": null,
          "key": undefined,
          "nodeType": "host",
          "props": Object {
            "children": "Click here to create an account",
            "className": "create-account",
            "onClick": [Function],
          },
          "ref": null,
          "rendered": "Click here to create an account",
          "type": "p",
        },
        Object {
          "instance": null,
          "key": undefined,
          "nodeType": "host",
          "props": Object {
            "children": "",
          },
          "ref": null,
          "rendered": "",
          "type": "p",
        },
        undefined,
      ],
      "type": "div",
    },
  ],
  Symbol(enzyme.__options__): Object {
    "adapter": ReactSixteenAdapter {
      "options": Object {
        "enableComponentDidUpdateOnSetState": true,
        "lifecycles": Object {
          "componentDidUpdate": Object {
            "onSetState": true,
          },
          "getDerivedStateFromProps": true,
          "getSnapshotBeforeUpdate": true,
          "setState": Object {
            "skipsComponentDidUpdateOnNullish": true,
          },
        },
      },
    },
  },
}
`;
