// Jest Snapshot v1, https://goo.gl/fbAQLP

exports[`Card should render snapshot with correct data 1`] = `
ShallowWrapper {
  Symbol(enzyme.__root__): [Circular],
  Symbol(enzyme.__unrendered__): <Card
    addFavorite={[Function]}
    movie={
      Object {
        "movie_id": 381288,
        "overview": "Though Kevin has evidenced 23 personalities to his trusted psychiatrist, Dr. Fletcher, there remains one still submerged who is set to materialize and dominate all the others. Compelled to abduct thre…",
        "poster_path": "https://image.tmdb.org/t/p/w500////rXMWOZiCt6eMX22jWuTOSdQ98bY.jpg",
        "release_date": "2017-01-19",
        "title": "Split",
        "vote_average": 7.2,
      }
    }
    user={
      Object {
        "id": 1,
      }
    }
  />,
  Symbol(enzyme.__renderer__): Object {
    "batchedUpdates": [Function],
    "getNode": [Function],
    "render": [Function],
    "simulateError": [Function],
    "simulateEvent": [Function],
    "unmount": [Function],
  },
  Symbol(enzyme.__node__): Object {
    "instance": null,
    "key": "381288",
    "nodeType": "host",
    "props": Object {
      "children": Array [
        <button
          onClick={[Function]}
        >
          <i
            className="far fa-heart"
          />
        </button>,
        <div>
          <h1>
            Split
          </h1>
          <p>
            2017-01-19
          </p>
          <p>
            Though Kevin has evidenced 23 personalities to his trusted psychiatrist, Dr. Fletcher, there remains one still submerged who is set to materialize and dominate all the others. Compelled to abduct thre…
          </p>
        </div>,
      ],
      "className": "card",
      "style": Object {
        "backgroundImage": "URL(https://image.tmdb.org/t/p/w500////rXMWOZiCt6eMX22jWuTOSdQ98bY.jpg)",
      },
    },
    "ref": null,
    "rendered": Array [
      Object {
        "instance": null,
        "key": undefined,
        "nodeType": "host",
        "props": Object {
          "children": <i
            className="far fa-heart"
          />,
          "onClick": [Function],
        },
        "ref": null,
        "rendered": Object {
          "instance": null,
          "key": undefined,
          "nodeType": "host",
          "props": Object {
            "className": "far fa-heart",
          },
          "ref": null,
          "rendered": null,
          "type": "i",
        },
        "type": "button",
      },
      Object {
        "instance": null,
        "key": undefined,
        "nodeType": "host",
        "props": Object {
          "children": Array [
            <h1>
              Split
            </h1>,
            <p>
              2017-01-19
            </p>,
            <p>
              Though Kevin has evidenced 23 personalities to his trusted psychiatrist, Dr. Fletcher, there remains one still submerged who is set to materialize and dominate all the others. Compelled to abduct thre…
            </p>,
          ],
        },
        "ref": null,
        "rendered": Array [
          Object {
            "instance": null,
            "key": undefined,
            "nodeType": "host",
            "props": Object {
              "children": "Split",
            },
            "ref": null,
            "rendered": "Split",
            "type": "h1",
          },
          Object {
            "instance": null,
            "key": undefined,
            "nodeType": "host",
            "props": Object {
              "children": "2017-01-19",
            },
            "ref": null,
            "rendered": "2017-01-19",
            "type": "p",
          },
          Object {
            "instance": null,
            "key": undefined,
            "nodeType": "host",
            "props": Object {
              "children": "Though Kevin has evidenced 23 personalities to his trusted psychiatrist, Dr. Fletcher, there remains one still submerged who is set to materialize and dominate all the others. Compelled to abduct thre…",
            },
            "ref": null,
            "rendered": "Though Kevin has evidenced 23 personalities to his trusted psychiatrist, Dr. Fletcher, there remains one still submerged who is set to materialize and dominate all the others. Compelled to abduct thre…",
            "type": "p",
          },
        ],
        "type": "div",
      },
    ],
    "type": "div",
  },
  Symbol(enzyme.__nodes__): Array [
    Object {
      "instance": null,
      "key": "381288",
      "nodeType": "host",
      "props": Object {
        "children": Array [
          <button
            onClick={[Function]}
          >
            <i
              className="far fa-heart"
            />
          </button>,
          <div>
            <h1>
              Split
            </h1>
            <p>
              2017-01-19
            </p>
            <p>
              Though Kevin has evidenced 23 personalities to his trusted psychiatrist, Dr. Fletcher, there remains one still submerged who is set to materialize and dominate all the others. Compelled to abduct thre…
            </p>
          </div>,
        ],
        "className": "card",
        "style": Object {
          "backgroundImage": "URL(https://image.tmdb.org/t/p/w500////rXMWOZiCt6eMX22jWuTOSdQ98bY.jpg)",
        },
      },
      "ref": null,
      "rendered": Array [
        Object {
          "instance": null,
          "key": undefined,
          "nodeType": "host",
          "props": Object {
            "children": <i
              className="far fa-heart"
            />,
            "onClick": [Function],
          },
          "ref": null,
          "rendered": Object {
            "instance": null,
            "key": undefined,
            "nodeType": "host",
            "props": Object {
              "className": "far fa-heart",
            },
            "ref": null,
            "rendered": null,
            "type": "i",
          },
          "type": "button",
        },
        Object {
          "instance": null,
          "key": undefined,
          "nodeType": "host",
          "props": Object {
            "children": Array [
              <h1>
                Split
              </h1>,
              <p>
                2017-01-19
              </p>,
              <p>
                Though Kevin has evidenced 23 personalities to his trusted psychiatrist, Dr. Fletcher, there remains one still submerged who is set to materialize and dominate all the others. Compelled to abduct thre…
              </p>,
            ],
          },
          "ref": null,
          "rendered": Array [
            Object {
              "instance": null,
              "key": undefined,
              "nodeType": "host",
              "props": Object {
                "children": "Split",
              },
              "ref": null,
              "rendered": "Split",
              "type": "h1",
            },
            Object {
              "instance": null,
              "key": undefined,
              "nodeType": "host",
              "props": Object {
                "children": "2017-01-19",
              },
              "ref": null,
              "rendered": "2017-01-19",
              "type": "p",
            },
            Object {
              "instance": null,
              "key": undefined,
              "nodeType": "host",
              "props": Object {
                "children": "Though Kevin has evidenced 23 personalities to his trusted psychiatrist, Dr. Fletcher, there remains one still submerged who is set to materialize and dominate all the others. Compelled to abduct thre…",
              },
              "ref": null,
              "rendered": "Though Kevin has evidenced 23 personalities to his trusted psychiatrist, Dr. Fletcher, there remains one still submerged who is set to materialize and dominate all the others. Compelled to abduct thre…",
              "type": "p",
            },
          ],
          "type": "div",
        },
      ],
      "type": "div",
    },
  ],
  Symbol(enzyme.__options__): Object {
    "adapter": ReactSixteenAdapter {
      "options": Object {
        "enableComponentDidUpdateOnSetState": true,
        "lifecycles": Object {
          "componentDidUpdate": Object {
            "onSetState": true,
          },
          "getDerivedStateFromProps": true,
          "getSnapshotBeforeUpdate": true,
          "setState": Object {
            "skipsComponentDidUpdateOnNullish": true,
          },
        },
      },
    },
  },
}
`;
