// Jest Snapshot v1, https://goo.gl/fbAQLP

exports[`CardContainer CardContainer Component should match snapshot 1`] = `
ShallowWrapper {
  Symbol(enzyme.__root__): [Circular],
  Symbol(enzyme.__unrendered__): <CardContainer
    addFavorite={[MockFunction]}
    addMessage={[MockFunction]}
    favorites={
      Array [
        Object {
          "movie_id": 1,
          "title": "Halloween",
        },
        Object {
          "movie_id": 2,
          "title": "It",
        },
        Object {
          "movie_id": 3,
          "title": "The Conjuring",
        },
      ]
    }
    match={
      Object {
        "path": "/favorites",
      }
    }
    movies={
      Array [
        Object {
          "movie_id": 1,
          "title": "Halloween",
        },
        Object {
          "movie_id": 2,
          "title": "It",
        },
        Object {
          "movie_id": 3,
          "title": "The Conjuring",
        },
      ]
    }
    removeFavorite={[MockFunction]}
  />,
  Symbol(enzyme.__renderer__): Object {
    "batchedUpdates": [Function],
    "getNode": [Function],
    "render": [Function],
    "simulateError": [Function],
    "simulateEvent": [Function],
    "unmount": [Function],
  },
  Symbol(enzyme.__node__): Object {
    "instance": null,
    "key": undefined,
    "nodeType": "host",
    "props": Object {
      "children": "Login to see Stalked Movies",
      "className": "stalked-message",
    },
    "ref": null,
    "rendered": "Login to see Stalked Movies",
    "type": "p",
  },
  Symbol(enzyme.__nodes__): Array [
    Object {
      "instance": null,
      "key": undefined,
      "nodeType": "host",
      "props": Object {
        "children": "Login to see Stalked Movies",
        "className": "stalked-message",
      },
      "ref": null,
      "rendered": "Login to see Stalked Movies",
      "type": "p",
    },
  ],
  Symbol(enzyme.__options__): Object {
    "adapter": ReactSixteenAdapter {
      "options": Object {
        "enableComponentDidUpdateOnSetState": true,
        "lifecycles": Object {
          "componentDidUpdate": Object {
            "onSetState": true,
          },
          "getDerivedStateFromProps": true,
          "getSnapshotBeforeUpdate": true,
          "setState": Object {
            "skipsComponentDidUpdateOnNullish": true,
          },
        },
      },
    },
  },
}
`;
